(null): No such file or directory
(null): No such file or directory
{
  "scope": "CPU FP32 independent integrated cache-content audit",
  "cases_passed": 42,
  "proposal_rounds_checked": 429,
  "max_projected_kv_absolute_difference": 1.944601535797119e-06,
  "max_draft_backbone_absolute_difference": 7.152557373046875e-07,
  "block_sizes": [
    1,
    3,
    7
  ],
  "prompt_lengths": [
    1,
    4,
    9
  ],
  "checks": "exact output tokens and cache lengths; every layer shape/finite values; unthresholded projected K/V and backbone differences versus fresh full prefix; all rejection offsets/all-accepted; budget crop",
  "note": "Initial audit's 1e-6 absolute tensor closeness assertion saw one 1.13249e-6 FP32 difference. This version reports numeric errors directly; no tolerance alters token selection or its exact equality gate."
}
